[live] parser CALL prompt='ERROR: disk full at /var/log'
[live] parser DONE 1.36s -> 'Clear logs with `journalctl --vacuum-time=2days` or increase'
[live] parser CALL prompt='WARN: high cpu usage 95%'
[live] parser DONE 0.71s -> 'Check for resource-heavy processes and consider restarting t'
[live] parser CALL prompt='INFO: process started pid=1234'
[live] parser DONE 0.34s -> 'Process 1234 started.'
[live] parser CALL prompt='ERROR: connection refused 5432'
[live] parser DONE 0.38s -> 'Check if PostgreSQL is running and port 5432 is open.'
[live] parser CALL prompt='CRITICAL: out of memory'
[live] parser DONE 0.33s -> 'Free memory by closing unused applications or processes.'
[live] classifier CALL prompt='parser:Clear logs with `journalctl --vacuum-time=2days` or i'
[live] classifier DONE 0.83s -> 'Use `journalctl --vacuum-time=2days` to clear old logs and f'
[live] classifier CALL prompt='parser:Check for resource-heavy processes and consider resta'
[live] classifier DONE 0.35s -> 'Identify and terminate resource-heavy processes to improve s'
[live] classifier CALL prompt='parser:Process 1234 started.'
[live] classifier DONE 0.34s -> 'Process 1234 started.'
[live] classifier CALL prompt='parser:Check if PostgreSQL is running and port 5432 is open.'
[live] classifier DONE 0.75s -> 'PostgreSQL is running and port 5432 is open.'
[live] classifier CALL prompt='parser:Free memory by closing unused applications or process'
[live] classifier DONE 0.73s -> 'Close unused apps to free memory.'
[live] rootcause CALL prompt='classifier:Use `journalctl --vacuum-time=2days` to clear old'
[live] rootcause DONE 0.56s -> '`journalctl --vacuum-time=2days` retains only logs from the '
[live] rootcause CALL prompt='classifier:Identify and terminate resource-heavy processes t'
[live] rootcause DONE 0.49s -> 'Use `top` or `htop` to identify high-resource processes, the'
[live] rootcause CALL prompt='classifier:Process 1234 started.'
[live] rootcause DONE 0.34s -> 'Process 1234 started successfully.'
[live] rootcause CALL prompt='classifier:PostgreSQL is running and port 5432 is open.'
[live] rootcause DONE 0.39s -> 'PostgreSQL is accessible and listening on port 5432.'
[live] rootcause CALL prompt='classifier:Close unused apps to free memory.'
[live] rootcause DONE 0.45s -> 'Close unused apps to free memory and improve device performa'
[live] fixsuggest CALL prompt='rootcause:`journalctl --vacuum-time=2days` retains only logs'
[live] fixsuggest DONE 0.45s -> 'Adjust the vacuum-time value to retain logs for your desired'
[live] fixsuggest CALL prompt='rootcause:Use `top` or `htop` to identify high-resource proc'
[live] fixsuggest DONE 0.51s -> 'Safely kill non-system processes after identifying resource '
[live] fixsuggest CALL prompt='rootcause:Process 1234 started successfully.'
[live] fixsuggest DONE 0.50s -> "Root cause: Process 1234 starting successfully isn't an issu"
[live] fixsuggest CALL prompt='rootcause:PostgreSQL is accessible and listening on port 543'
[live] fixsuggest DONE 0.44s -> 'Check firewall rules and PostgreSQL configuration (pg_hba.co'
[live] fixsuggest CALL prompt='rootcause:Close unused apps to free memory and improve devic'
[live] fixsuggest DONE 0.76s -> 'Close background apps to free memory and enhance device perf'
[live] evaluator CALL prompt='fixsuggest:Adjust the vacuum-time value to retain logs for y'
[live] evaluator DONE 0.36s -> 'Adjust `vacuum-time` to set the log retention period.'
[live] evaluator CALL prompt='fixsuggest:Safely kill non-system processes after identifyin'
[live] evaluator DONE 0.90s -> 'Use `top` or `htop` to identify resource hogs, then kill non'
[live] evaluator CALL prompt='fixsuggest:Root cause: Process 1234 starting successfully is'
[live] evaluator DONE 0.43s -> 'No fix required as the process started successfully.'
[live] evaluator CALL prompt='fixsuggest:Check firewall rules and PostgreSQL configuration'
[live] evaluator DONE 0.43s -> 'Review firewall rules and PostgreSQL configs (pg_hba.conf, p'
[live] evaluator CALL prompt='fixsuggest:Close background apps to free memory and enhance '
[live] evaluator DONE 0.35s -> 'Close unused background apps to free memory and boost perfor'
